ï»¿2024-03-06T11:09:13.3455461Z Current runner version: '2.314.1'
2024-03-06T11:09:13.3484050Z ##[group]Operating System
2024-03-06T11:09:13.3484857Z Ubuntu
2024-03-06T11:09:13.3485462Z 22.04.4
2024-03-06T11:09:13.3485907Z LTS
2024-03-06T11:09:13.3486315Z ##[endgroup]
2024-03-06T11:09:13.3486903Z ##[group]Runner Image
2024-03-06T11:09:13.3487480Z Image: ubuntu-22.04
2024-03-06T11:09:13.3488013Z Version: 20240225.1.0
2024-03-06T11:09:13.3489555Z Included Software: https://github.com/actions/runner-images/blob/ubuntu22/20240225.1/images/ubuntu/Ubuntu2204-Readme.md
2024-03-06T11:09:13.3491458Z Image Release: https://github.com/actions/runner-images/releases/tag/ubuntu22%2F20240225.1
2024-03-06T11:09:13.3492614Z ##[endgroup]
2024-03-06T11:09:13.3493198Z ##[group]Runner Image Provisioner
2024-03-06T11:09:13.3493790Z 2.0.359.1
2024-03-06T11:09:13.3494258Z ##[endgroup]
2024-03-06T11:09:13.3495578Z ##[group]GITHUB_TOKEN Permissions
2024-03-06T11:09:13.3497598Z Contents: read
2024-03-06T11:09:13.3498258Z Metadata: read
2024-03-06T11:09:13.3498992Z Packages: read
2024-03-06T11:09:13.3499700Z ##[endgroup]
2024-03-06T11:09:13.3503500Z Secret source: Actions
2024-03-06T11:09:13.3504222Z Prepare workflow directory
2024-03-06T11:09:13.4252969Z Prepare all required actions
2024-03-06T11:09:13.4445454Z Getting action download info
2024-03-06T11:09:13.5931653Z Download action repository 'actions/checkout@v2' (SHA:ee0669bd1cc54295c223e0bb666b733df41de1c5)
2024-03-06T11:09:13.9031080Z Complete job name: build
2024-03-06T11:09:14.0087292Z ##[group]Run actions/checkout@v2
2024-03-06T11:09:14.0087910Z with:
2024-03-06T11:09:14.0088573Z   token: ***
2024-03-06T11:09:14.0089190Z   repository: TimoKubera/broken_webhooks
2024-03-06T11:09:14.0089801Z   ssh-strict: true
2024-03-06T11:09:14.0090248Z   persist-credentials: true
2024-03-06T11:09:14.0090748Z   clean: true
2024-03-06T11:09:14.0091118Z   fetch-depth: 1
2024-03-06T11:09:14.0091512Z   lfs: false
2024-03-06T11:09:14.0091893Z   submodules: false
2024-03-06T11:09:14.0092317Z   set-safe-directory: true
2024-03-06T11:09:14.0092813Z ##[endgroup]
2024-03-06T11:09:14.5061074Z Syncing repository: TimoKubera/broken_webhooks
2024-03-06T11:09:14.5063516Z ##[group]Getting Git version info
2024-03-06T11:09:14.5064719Z Working directory is '/home/runner/work/broken_webhooks/broken_webhooks'
2024-03-06T11:09:14.5066080Z [command]/usr/bin/git version
2024-03-06T11:09:14.5066623Z git version 2.43.2
2024-03-06T11:09:14.5067844Z ##[endgroup]
2024-03-06T11:09:14.5082247Z Temporarily overriding HOME='/home/runner/work/_temp/9acf2eff-0512-4266-b073-c542e1027eb2' before making global git config changes
2024-03-06T11:09:14.5084268Z Adding repository directory to the temporary git global config as a safe directory
2024-03-06T11:09:14.5086086Z [command]/usr/bin/git config --global --add safe.directory /home/runner/work/broken_webhooks/broken_webhooks
2024-03-06T11:09:14.5087821Z Deleting the contents of '/home/runner/work/broken_webhooks/broken_webhooks'
2024-03-06T11:09:14.5089537Z ##[group]Initializing the repository
2024-03-06T11:09:14.5090550Z [command]/usr/bin/git init /home/runner/work/broken_webhooks/broken_webhooks
2024-03-06T11:09:14.5092006Z hint: Using 'master' as the name for the initial branch. This default branch name
2024-03-06T11:09:14.5093398Z hint: is subject to change. To configure the initial branch name to use in all
2024-03-06T11:09:14.5094735Z hint: of your new repositories, which will suppress this warning, call:
2024-03-06T11:09:14.5095675Z hint:
2024-03-06T11:09:14.5096287Z hint:      git config --global init.defaultBranch <name>
2024-03-06T11:09:14.5097002Z hint:
2024-03-06T11:09:14.5097784Z hint: Names commonly chosen instead of 'master' are 'main', 'trunk' and
2024-03-06T11:09:14.5099156Z hint: 'development'. The just-created branch can be renamed via this command:
2024-03-06T11:09:14.5100099Z hint:
2024-03-06T11:09:14.5100546Z hint:      git branch -m <name>
2024-03-06T11:09:14.5101589Z Initialized empty Git repository in /home/runner/work/broken_webhooks/broken_webhooks/.git/
2024-03-06T11:09:14.5103183Z [command]/usr/bin/git remote add origin https://github.com/TimoKubera/broken_webhooks
2024-03-06T11:09:14.5105006Z ##[endgroup]
2024-03-06T11:09:14.5105867Z ##[group]Disabling automatic garbage collection
2024-03-06T11:09:14.5106751Z [command]/usr/bin/git config --local gc.auto 0
2024-03-06T11:09:14.5107772Z ##[endgroup]
2024-03-06T11:09:14.5108520Z ##[group]Setting up auth
2024-03-06T11:09:14.5109517Z [command]/usr/bin/git config --local --name-only --get-regexp core\.sshCommand
2024-03-06T11:09:14.5112061Z [command]/usr/bin/git submodule foreach --recursive sh -c "git config --local --name-only --get-regexp 'core\.sshCommand' && git config --local --unset-all 'core.sshCommand' || :"
2024-03-06T11:09:14.5162167Z [command]/usr/bin/git config --local --name-only --get-regexp http\.https\:\/\/github\.com\/\.extraheader
2024-03-06T11:09:14.5165411Z [command]/usr/bin/git submodule foreach --recursive sh -c "git config --local --name-only --get-regexp 'http\.https\:\/\/github\.com\/\.extraheader' && git config --local --unset-all 'http.https://github.com/.extraheader' || :"
2024-03-06T11:09:14.5358931Z [command]/usr/bin/git config --local http.https://github.com/.extraheader AUTHORIZATION: basic ***
2024-03-06T11:09:14.5395115Z ##[endgroup]
2024-03-06T11:09:14.5397797Z ##[group]Fetching the repository
2024-03-06T11:09:14.5411784Z [command]/usr/bin/git -c protocol.version=2 fetch --no-tags --prune --progress --no-recurse-submodules --depth=1 origin +5268c585ebc059e454fa6163f1cb6559e07491c2:refs/remotes/origin/main
2024-03-06T11:09:14.7616492Z remote: Enumerating objects: 10, done.
2024-03-06T11:09:14.7617399Z remote: Counting objects:  10% (1/10)
2024-03-06T11:09:14.7618179Z remote: Counting objects:  20% (2/10)
2024-03-06T11:09:14.7619847Z remote: Counting objects:  30% (3/10)
2024-03-06T11:09:14.7620718Z remote: Counting objects:  40% (4/10)
2024-03-06T11:09:14.7621424Z remote: Counting objects:  50% (5/10)
2024-03-06T11:09:14.7622155Z remote: Counting objects:  60% (6/10)
2024-03-06T11:09:14.7622848Z remote: Counting objects:  70% (7/10)
2024-03-06T11:09:14.7623499Z remote: Counting objects:  80% (8/10)
2024-03-06T11:09:14.7624146Z remote: Counting objects:  90% (9/10)
2024-03-06T11:09:14.7624805Z remote: Counting objects: 100% (10/10)
2024-03-06T11:09:14.7625515Z remote: Counting objects: 100% (10/10), done.
2024-03-06T11:09:14.7626233Z remote: Compressing objects:  20% (1/5)
2024-03-06T11:09:14.7626949Z remote: Compressing objects:  40% (2/5)
2024-03-06T11:09:14.7627643Z remote: Compressing objects:  60% (3/5)
2024-03-06T11:09:14.7628322Z remote: Compressing objects:  80% (4/5)
2024-03-06T11:09:14.7629000Z remote: Compressing objects: 100% (5/5)
2024-03-06T11:09:14.7629724Z remote: Compressing objects: 100% (5/5), done.
2024-03-06T11:09:14.7630908Z remote: Total 10 (delta 0), reused 7 (delta 0), pack-reused 0
2024-03-06T11:09:14.7711326Z From https://github.com/TimoKubera/broken_webhooks
2024-03-06T11:09:14.7712614Z  * [new ref]         5268c585ebc059e454fa6163f1cb6559e07491c2 -> origin/main
2024-03-06T11:09:14.7742511Z ##[endgroup]
2024-03-06T11:09:14.7744200Z ##[group]Determining the checkout info
2024-03-06T11:09:14.7745588Z ##[endgroup]
2024-03-06T11:09:14.7746519Z ##[group]Checking out the ref
2024-03-06T11:09:14.7749887Z [command]/usr/bin/git checkout --progress --force -B main refs/remotes/origin/main
2024-03-06T11:09:14.7815537Z Switched to a new branch 'main'
2024-03-06T11:09:14.7816317Z branch 'main' set up to track 'origin/main'.
2024-03-06T11:09:14.7822659Z ##[endgroup]
2024-03-06T11:09:14.7895287Z [command]/usr/bin/git log -1 --format='%H'
2024-03-06T11:09:14.7924627Z '5268c585ebc059e454fa6163f1cb6559e07491c2'
2024-03-06T11:09:14.8272981Z ##[group]Run git config --local user.email "action@github.com"
2024-03-06T11:09:14.8274006Z git config --local user.email "action@github.com"
2024-03-06T11:09:14.8274854Z git config --local user.name "GitHub Action"
2024-03-06T11:09:14.8318954Z shell: /usr/bin/bash -e {0}
2024-03-06T11:09:14.8319477Z ##[endgroup]
2024-03-06T11:09:14.8542954Z ##[group]Run echo "c = np.array([1, 2, 3]) + np.array([3, 55, 3])" > numpy_add.py
2024-03-06T11:09:14.8544077Z echo "c = np.array([1, 2, 3]) + np.array([3, 55, 3])" > numpy_add.py
2024-03-06T11:09:14.8568634Z shell: /usr/bin/bash -e {0}
2024-03-06T11:09:14.8569292Z ##[endgroup]
2024-03-06T11:09:14.8656435Z ##[group]Run echo "c = 3 / 0" > division.py
2024-03-06T11:09:14.8657122Z echo "c = 3 / 0" > division.py
2024-03-06T11:09:14.8679460Z shell: /usr/bin/bash -e {0}
2024-03-06T11:09:14.8679965Z ##[endgroup]
2024-03-06T11:09:14.8765285Z ##[group]Run git add numpy_add.py division.py
2024-03-06T11:09:14.8766130Z git add numpy_add.py division.py
2024-03-06T11:09:14.8766964Z git commit -m "Add faulty files"
2024-03-06T11:09:14.8767650Z git push
2024-03-06T11:09:14.8790081Z shell: /usr/bin/bash -e {0}
2024-03-06T11:09:14.8790694Z ##[endgroup]
2024-03-06T11:09:14.8890399Z On branch main
2024-03-06T11:09:14.8891372Z Your branch is up to date with 'origin/main'.
2024-03-06T11:09:14.8891894Z
2024-03-06T11:09:14.8892339Z nothing to commit, working tree clean
2024-03-06T11:09:14.8912321Z ##[error]Process completed with exit code 1.
2024-03-06T11:09:14.9047388Z Post job cleanup.
2024-03-06T11:09:15.0353886Z [command]/usr/bin/git version
2024-03-06T11:09:15.0418742Z git version 2.43.2
2024-03-06T11:09:15.0466563Z Temporarily overriding HOME='/home/runner/work/_temp/232fd4d7-30b0-4342-8db1-3ce4b65de4f2' before making global git config changes
2024-03-06T11:09:15.0482296Z Adding repository directory to the temporary git global config as a safe directory
2024-03-06T11:09:15.0484499Z [command]/usr/bin/git config --global --add safe.directory /home/runner/work/broken_webhooks/broken_webhooks
2024-03-06T11:09:15.0526245Z [command]/usr/bin/git config --local --name-only --get-regexp core\.sshCommand
2024-03-06T11:09:15.0566272Z [command]/usr/bin/git submodule foreach --recursive sh -c "git config --local --name-only --get-regexp 'core\.sshCommand' && git config --local --unset-all 'core.sshCommand' || :"
2024-03-06T11:09:15.0868544Z [command]/usr/bin/git config --local --name-only --get-regexp http\.https\:\/\/github\.com\/\.extraheader
2024-03-06T11:09:15.0900479Z http.https://github.com/.extraheader
2024-03-06T11:09:15.0912092Z [command]/usr/bin/git config --local --unset-all http.https://github.com/.extraheader
2024-03-06T11:09:15.0954161Z [command]/usr/bin/git submodule foreach --recursive sh -c "git config --local --name-only --get-regexp 'http\.https\:\/\/github\.com\/\.extraheader' && git config --local --unset-all 'http.https://github.com/.extraheader' || :"
2024-03-06T11:09:15.1603006Z Cleaning up orphan processes