ï»¿2024-03-06T11:17:05.2921912Z Current runner version: '2.314.1'
2024-03-06T11:17:05.2952693Z ##[group]Operating System
2024-03-06T11:17:05.2953527Z Ubuntu
2024-03-06T11:17:05.2954011Z 22.04.4
2024-03-06T11:17:05.2954573Z LTS
2024-03-06T11:17:05.2955049Z ##[endgroup]
2024-03-06T11:17:05.2955531Z ##[group]Runner Image
2024-03-06T11:17:05.2956228Z Image: ubuntu-22.04
2024-03-06T11:17:05.2956790Z Version: 20240225.1.0
2024-03-06T11:17:05.2958206Z Included Software: https://github.com/actions/runner-images/blob/ubuntu22/20240225.1/images/ubuntu/Ubuntu2204-Readme.md
2024-03-06T11:17:05.2960284Z Image Release: https://github.com/actions/runner-images/releases/tag/ubuntu22%2F20240225.1
2024-03-06T11:17:05.2961523Z ##[endgroup]
2024-03-06T11:17:05.2962356Z ##[group]Runner Image Provisioner
2024-03-06T11:17:05.2963134Z 2.0.359.1
2024-03-06T11:17:05.2963590Z ##[endgroup]
2024-03-06T11:17:05.2965038Z ##[group]GITHUB_TOKEN Permissions
2024-03-06T11:17:05.2967174Z Contents: read
2024-03-06T11:17:05.2967775Z Metadata: read
2024-03-06T11:17:05.2968701Z Packages: read
2024-03-06T11:17:05.2969332Z ##[endgroup]
2024-03-06T11:17:05.2973612Z Secret source: Actions
2024-03-06T11:17:05.2974445Z Prepare workflow directory
2024-03-06T11:17:05.3741676Z Prepare all required actions
2024-03-06T11:17:05.3937498Z Getting action download info
2024-03-06T11:17:05.5489008Z Download action repository 'actions/checkout@v2' (SHA:ee0669bd1cc54295c223e0bb666b733df41de1c5)
2024-03-06T11:17:05.8472053Z Complete job name: build
2024-03-06T11:17:05.9564088Z ##[group]Run actions/checkout@v2
2024-03-06T11:17:05.9564761Z with:
2024-03-06T11:17:05.9565511Z   token: ***
2024-03-06T11:17:05.9566010Z   repository: TimoKubera/broken_webhooks
2024-03-06T11:17:05.9566655Z   ssh-strict: true
2024-03-06T11:17:05.9567144Z   persist-credentials: true
2024-03-06T11:17:05.9567706Z   clean: true
2024-03-06T11:17:05.9568101Z   fetch-depth: 1
2024-03-06T11:17:05.9568526Z   lfs: false
2024-03-06T11:17:05.9568935Z   submodules: false
2024-03-06T11:17:05.9569410Z   set-safe-directory: true
2024-03-06T11:17:05.9569925Z ##[endgroup]
2024-03-06T11:17:06.3763952Z Syncing repository: TimoKubera/broken_webhooks
2024-03-06T11:17:06.3766086Z ##[group]Getting Git version info
2024-03-06T11:17:06.3767038Z Working directory is '/home/runner/work/broken_webhooks/broken_webhooks'
2024-03-06T11:17:06.3768064Z [command]/usr/bin/git version
2024-03-06T11:17:06.3768484Z git version 2.43.2
2024-03-06T11:17:06.3769436Z ##[endgroup]
2024-03-06T11:17:06.3783600Z Temporarily overriding HOME='/home/runner/work/_temp/de9fe756-4444-4472-84b9-a0e06916e201' before making global git config changes
2024-03-06T11:17:06.3785151Z Adding repository directory to the temporary git global config as a safe directory
2024-03-06T11:17:06.3786621Z [command]/usr/bin/git config --global --add safe.directory /home/runner/work/broken_webhooks/broken_webhooks
2024-03-06T11:17:06.3787903Z Deleting the contents of '/home/runner/work/broken_webhooks/broken_webhooks'
2024-03-06T11:17:06.3789063Z ##[group]Initializing the repository
2024-03-06T11:17:06.3789809Z [command]/usr/bin/git init /home/runner/work/broken_webhooks/broken_webhooks
2024-03-06T11:17:06.3791006Z hint: Using 'master' as the name for the initial branch. This default branch name
2024-03-06T11:17:06.3792030Z hint: is subject to change. To configure the initial branch name to use in all
2024-03-06T11:17:06.3793005Z hint: of your new repositories, which will suppress this warning, call:
2024-03-06T11:17:06.3793678Z hint:
2024-03-06T11:17:06.3794190Z hint:      git config --global init.defaultBranch <name>
2024-03-06T11:17:06.3794726Z hint:
2024-03-06T11:17:06.3795334Z hint: Names commonly chosen instead of 'master' are 'main', 'trunk' and
2024-03-06T11:17:06.3796363Z hint: 'development'. The just-created branch can be renamed via this command:
2024-03-06T11:17:06.3797064Z hint:
2024-03-06T11:17:06.3797419Z hint:      git branch -m <name>
2024-03-06T11:17:06.3798175Z Initialized empty Git repository in /home/runner/work/broken_webhooks/broken_webhooks/.git/
2024-03-06T11:17:06.3799333Z [command]/usr/bin/git remote add origin https://github.com/TimoKubera/broken_webhooks
2024-03-06T11:17:06.3800752Z ##[endgroup]
2024-03-06T11:17:06.3801422Z ##[group]Disabling automatic garbage collection
2024-03-06T11:17:06.3802364Z [command]/usr/bin/git config --local gc.auto 0
2024-03-06T11:17:06.3803143Z ##[endgroup]
2024-03-06T11:17:06.3803724Z ##[group]Setting up auth
2024-03-06T11:17:06.3804515Z [command]/usr/bin/git config --local --name-only --get-regexp core\.sshCommand
2024-03-06T11:17:06.3806410Z [command]/usr/bin/git submodule foreach --recursive sh -c "git config --local --name-only --get-regexp 'core\.sshCommand' && git config --local --unset-all 'core.sshCommand' || :"
2024-03-06T11:17:06.3908746Z [command]/usr/bin/git config --local --name-only --get-regexp http\.https\:\/\/github\.com\/\.extraheader
2024-03-06T11:17:06.3960150Z [command]/usr/bin/git submodule foreach --recursive sh -c "git config --local --name-only --get-regexp 'http\.https\:\/\/github\.com\/\.extraheader' && git config --local --unset-all 'http.https://github.com/.extraheader' || :"
2024-03-06T11:17:06.4384654Z [command]/usr/bin/git config --local http.https://github.com/.extraheader AUTHORIZATION: basic ***
2024-03-06T11:17:06.4386097Z ##[endgroup]
2024-03-06T11:17:06.4386737Z ##[group]Fetching the repository
2024-03-06T11:17:06.4388831Z [command]/usr/bin/git -c protocol.version=2 fetch --no-tags --prune --progress --no-recurse-submodules --depth=1 origin +f13f7ac68173772c61bed7ac8a34c7e65d07eb28:refs/remotes/origin/main
2024-03-06T11:17:07.6466517Z remote: Enumerating objects: 8, done.
2024-03-06T11:17:07.6467481Z remote: Counting objects:  12% (1/8)
2024-03-06T11:17:07.6468146Z remote: Counting objects:  25% (2/8)
2024-03-06T11:17:07.6468798Z remote: Counting objects:  37% (3/8)
2024-03-06T11:17:07.6469424Z remote: Counting objects:  50% (4/8)
2024-03-06T11:17:07.6470058Z remote: Counting objects:  62% (5/8)
2024-03-06T11:17:07.6470694Z remote: Counting objects:  75% (6/8)
2024-03-06T11:17:07.6471361Z remote: Counting objects:  87% (7/8)
2024-03-06T11:17:07.6471985Z remote: Counting objects: 100% (8/8)
2024-03-06T11:17:07.6472645Z remote: Counting objects: 100% (8/8), done.
2024-03-06T11:17:07.6478868Z remote: Compressing objects:  20% (1/5)
2024-03-06T11:17:07.6481803Z remote: Compressing objects:  40% (2/5)
2024-03-06T11:17:07.6484534Z remote: Compressing objects:  60% (3/5)
2024-03-06T11:17:07.6487101Z remote: Compressing objects:  80% (4/5)
2024-03-06T11:17:07.6489759Z remote: Compressing objects: 100% (5/5)
2024-03-06T11:17:07.6490532Z remote: Compressing objects: 100% (5/5), done.
2024-03-06T11:17:07.6496983Z remote: Total 8 (delta 0), reused 5 (delta 0), pack-reused 0
2024-03-06T11:17:07.6590566Z From https://github.com/TimoKubera/broken_webhooks
2024-03-06T11:17:07.6591668Z  * [new ref]         f13f7ac68173772c61bed7ac8a34c7e65d07eb28 -> origin/main
2024-03-06T11:17:07.6624112Z ##[endgroup]
2024-03-06T11:17:07.6625073Z ##[group]Determining the checkout info
2024-03-06T11:17:07.6626046Z ##[endgroup]
2024-03-06T11:17:07.6626800Z ##[group]Checking out the ref
2024-03-06T11:17:07.6631663Z [command]/usr/bin/git checkout --progress --force -B main refs/remotes/origin/main
2024-03-06T11:17:07.6687564Z Switched to a new branch 'main'
2024-03-06T11:17:07.6688431Z branch 'main' set up to track 'origin/main'.
2024-03-06T11:17:07.6694376Z ##[endgroup]
2024-03-06T11:17:07.6743493Z [command]/usr/bin/git log -1 --format='%H'
2024-03-06T11:17:07.6777889Z 'f13f7ac68173772c61bed7ac8a34c7e65d07eb28'
2024-03-06T11:17:07.7139130Z ##[group]Run git config --local user.email "action@github.com"
2024-03-06T11:17:07.7139988Z git config --local user.email "action@github.com"
2024-03-06T11:17:07.7140700Z git config --local user.name "GitHub Action"
2024-03-06T11:17:07.7183761Z shell: /usr/bin/bash -e {0}
2024-03-06T11:17:07.7184221Z ##[endgroup]
2024-03-06T11:17:07.7403031Z ##[group]Run echo "c = np.array([1, 2, 3]) + np.array([3, 55, 3])" > numpy_add.py
2024-03-06T11:17:07.7404191Z echo "c = np.array([1, 2, 3]) + np.array([3, 55, 3])" > numpy_add.py
2024-03-06T11:17:07.7428419Z shell: /usr/bin/bash -e {0}
2024-03-06T11:17:07.7428849Z ##[endgroup]
2024-03-06T11:17:07.7509286Z ##[group]Run echo "c = 3 / 0" > division.py
2024-03-06T11:17:07.7509862Z echo "c = 3 / 0" > division.py
2024-03-06T11:17:07.7534180Z shell: /usr/bin/bash -e {0}
2024-03-06T11:17:07.7534605Z ##[endgroup]
2024-03-06T11:17:07.7618508Z ##[group]Run git add numpy_add.py division.py
2024-03-06T11:17:07.7619254Z git add numpy_add.py division.py
2024-03-06T11:17:07.7619940Z git commit -m "Add faulty files"
2024-03-06T11:17:07.7620545Z git push
2024-03-06T11:17:07.7643042Z shell: /usr/bin/bash -e {0}
2024-03-06T11:17:07.7643718Z ##[endgroup]
2024-03-06T11:17:07.7767729Z [main 4e2017f] Add faulty files
2024-03-06T11:17:07.7768683Z  2 files changed, 2 insertions(+)
2024-03-06T11:17:07.7784250Z  create mode 100644 division.py
2024-03-06T11:17:07.7785613Z  create mode 100644 numpy_add.py
2024-03-06T11:17:08.2399276Z To https://github.com/TimoKubera/broken_webhooks
2024-03-06T11:17:08.2400981Z    f13f7ac..4e2017f  main -> main
2024-03-06T11:17:08.2481182Z ##[group]Run python division.py
2024-03-06T11:17:08.2481881Z python division.py
2024-03-06T11:17:08.2507029Z shell: /usr/bin/bash -e {0}
2024-03-06T11:17:08.2507608Z ##[endgroup]
2024-03-06T11:17:08.3414397Z Traceback (most recent call last):
2024-03-06T11:17:08.3415584Z   File "/home/runner/work/broken_webhooks/broken_webhooks/division.py", line 1, in <module>
2024-03-06T11:17:08.3416517Z     c = 3 / 0
2024-03-06T11:17:08.3417012Z ZeroDivisionError: division by zero
2024-03-06T11:17:08.3575419Z ##[error]Process completed with exit code 1.
2024-03-06T11:17:08.3813791Z Post job cleanup.
2024-03-06T11:17:08.5166619Z [command]/usr/bin/git version
2024-03-06T11:17:08.5219532Z git version 2.43.2
2024-03-06T11:17:08.5270163Z Temporarily overriding HOME='/home/runner/work/_temp/0eaf79b5-7e4c-46cf-8320-03ca9df5a4cb' before making global git config changes
2024-03-06T11:17:08.5271656Z Adding repository directory to the temporary git global config as a safe directory
2024-03-06T11:17:08.5285935Z [command]/usr/bin/git config --global --add safe.directory /home/runner/work/broken_webhooks/broken_webhooks
2024-03-06T11:17:08.5341277Z [command]/usr/bin/git config --local --name-only --get-regexp core\.sshCommand
2024-03-06T11:17:08.5375055Z [command]/usr/bin/git submodule foreach --recursive sh -c "git config --local --name-only --get-regexp 'core\.sshCommand' && git config --local --unset-all 'core.sshCommand' || :"
2024-03-06T11:17:08.5656442Z [command]/usr/bin/git config --local --name-only --get-regexp http\.https\:\/\/github\.com\/\.extraheader
2024-03-06T11:17:08.5697990Z http.https://github.com/.extraheader
2024-03-06T11:17:08.5709820Z [command]/usr/bin/git config --local --unset-all http.https://github.com/.extraheader
2024-03-06T11:17:08.5754167Z [command]/usr/bin/git submodule foreach --recursive sh -c "git config --local --name-only --get-regexp 'http\.https\:\/\/github\.com\/\.extraheader' && git config --local --unset-all 'http.https://github.com/.extraheader' || :"
2024-03-06T11:17:08.6325040Z Cleaning up orphan processes